template:

# {{repoName}} changelog

Changelog of {{repoName}}.

{{#tags}}
## {{name}} ({{tagDate .}})

{{#ifContainsBreaking commits}}
### Breaking changes

{{#commits}}
{{#ifCommitBreaking .}}
- {{#eachCommitScope .}} **{{.}}** {{/eachCommitScope}} {{{commitDescription .}}} ([{{subString hash 0 5}}](https://github.com/{{ownerName}}/{{repoName}}/commit/{{hash}}) {{authorName}}) {{#eachCommitRefs .}}{{#ifMatches . "^#[0-9]+"}} [{{.}}](https://github.com/{{ownerName}}/{{repoName}}/issues/{{subString . 1}}) {{/ifMatches}}{{/eachCommitRefs}} {{#eachCommitFixes .}}{{#ifMatches . "^#[0-9]+"}} [{{.}}](https://github.com/{{ownerName}}/{{repoName}}/issues/{{subString . 1}}) {{/ifMatches}}{{/eachCommitFixes}}
{{/ifCommitBreaking}}
{{/commits}}

{{/ifContainsBreaking}}
{{#ifContainsType commits type='feat'}}
### Features

{{#commits}}
{{#ifCommitType . type='feat'}}
- {{#eachCommitScope .}} **{{.}}** {{/eachCommitScope}} {{{commitDescription .}}} ([{{subString hash 0 5}}](https://github.com/{{ownerName}}/{{repoName}}/commit/{{hash}}) {{authorName}}) {{#eachCommitRefs .}}{{#ifMatches . "^#[0-9]+"}} [{{.}}](https://github.com/{{ownerName}}/{{repoName}}/issues/{{subString . 1}}) {{/ifMatches}}{{/eachCommitRefs}} {{#eachCommitFixes .}}{{#ifMatches . "^#[0-9]+"}} [{{.}}](https://github.com/{{ownerName}}/{{repoName}}/issues/{{subString . 1}}) {{/ifMatches}}{{/eachCommitFixes}}
{{/ifCommitType}}
{{/commits}}

{{/ifContainsType}}
{{#ifContainsType commits type='fix'}}
### Bug Fixes

{{#commits}}
{{#ifCommitType . type='fix'}}
- {{#eachCommitScope .}} **{{.}}** {{/eachCommitScope}} {{{commitDescription .}}} ([{{subString hash 0 5}}](https://github.com/{{ownerName}}/{{repoName}}/commit/{{hash}}) {{authorName}}) {{#eachCommitRefs .}}{{#ifMatches . "^#[0-9]+"}} [{{.}}](https://github.com/{{ownerName}}/{{repoName}}/issues/{{subString . 1}}) {{/ifMatches}}{{/eachCommitRefs}} {{#eachCommitFixes .}}{{#ifMatches . "^#[0-9]+"}} [{{.}}](https://github.com/{{ownerName}}/{{repoName}}/issues/{{subString . 1}}) {{/ifMatches}}{{/eachCommitFixes}}
{{/ifCommitType}}
{{/commits}}

{{/ifContainsType}}
{{#ifContainsType commits type='^($|(?!fix|feat|breaking))'}}
### Other changes

{{#commits}}
{{#ifCommitType . type='^$'}}
**{{{messageTitle}}}**

{{#messageBodyItems}}
* {{.}} 
{{/messageBodyItems}}

[{{subString hash 0 5}}](https://github.com/{{ownerName}}/{{repoName}}/commit/{{hash}}) {{authorName}} *{{commitTime}}*

{{/ifCommitType}}
{{/commits}}

{{/ifContainsType}}
{{/tags}}

---------------------------------------------

settings:

{
  "fromRevision": "0000000000000000000000000000000000000000",
  "fromRevisionStrategy": "DEFAULT",
  "toRevision": "test/issue-182",
  "toRevisionStrategy": "DEFAULT",
  "templatePath": "changelog-with-unreleased.mustache",
  "removeIssueFromMessage": false,
  "jiraEnabled": false,
  "redmineEnabled": false,
  "gitHubEnabled": false,
  "gitHubApi": "https://api.github.com/repos/tomasbjerre/git-changelog-lib",
  "extendedVariables": {},
  "ignoreCommitsWithoutIssue": false,
  "gitLabEnabled": false,
  "gitLabProjectName": "tomasbjerre",
  "useIntegrations": false,
  "encoding": "UTF-8"
}

---------------------------------------------

changelog:

# git-changelog-lib changelog

Changelog of git-changelog-lib.

## Unreleased ()

### Features

-  Y ([d0555](https://github.com/tomasbjerre/git-changelog-lib/commit/d0555d2e1ee3b1c) Tomas Bjerre)  

### Other changes

**Merge branch 'issue-182-branch' into test/issue-182**


[0c1cd](https://github.com/tomasbjerre/git-changelog-lib/commit/0c1cd1179ab9e0b) Tomas Bjerre *2024-03-27 16:30:36*


## 0.0.1 (2015-11-12)

### Other changes

**Initial commit**


[a1aa5](https://github.com/tomasbjerre/git-changelog-lib/commit/a1aa5ff5b625e63) Tomas Bjerre *2015-11-12 05:29:31*




---------------------------------------------

context:

{
  "commits": [
    {
      "authorEmailAddress": "tomas.bjerre85@gmail.com",
      "authorName": "Tomas Bjerre",
      "commitTime": "2024-03-27 16:31:06",
      "commitTimeLong": 1711557066000,
      "hash": "583f3a3ced05979",
      "hashFull": "583f3a3ced05979a3e66aac1c2f4b4ae90a7e112",
      "merge": false,
      "message": "chore: X"
    },
    {
      "authorEmailAddress": "tomas.bjerre85@gmail.com",
      "authorName": "Tomas Bjerre",
      "commitTime": "2024-03-27 16:30:36",
      "commitTimeLong": 1711557036000,
      "hash": "0c1cd1179ab9e0b",
      "hashFull": "0c1cd1179ab9e0b14ca2f49cb32c4b96567090eb",
      "merge": true,
      "message": "Merge branch \u0027issue-182-branch\u0027 into test/issue-182"
    },
    {
      "authorEmailAddress": "tomas.bjerre85@gmail.com",
      "authorName": "Tomas Bjerre",
      "commitTime": "2024-03-27 16:30:14",
      "commitTimeLong": 1711557014000,
      "hash": "d0555d2e1ee3b1c",
      "hashFull": "d0555d2e1ee3b1c433b016b67fd00799c0d6bd06",
      "merge": false,
      "message": "feat: Y"
    },
    {
      "authorEmailAddress": "tomas.bjerre85@gmail.com",
      "authorName": "Tomas Bjerre",
      "commitTime": "2015-11-12 05:29:31",
      "commitTimeLong": 1447306171000,
      "hash": "a1aa5ff5b625e63",
      "hashFull": "a1aa5ff5b625e63aa5ad7b59367ec7f75658afb8",
      "merge": false,
      "message": "Initial commit"
    }
  ],
  "tags": [
    {
      "authors": [
        {
          "commits": [
            {
              "authorEmailAddress": "tomas.bjerre85@gmail.com",
              "authorName": "Tomas Bjerre",
              "commitTime": "2024-03-27 16:31:06",
              "commitTimeLong": 1711557066000,
              "hash": "583f3a3ced05979",
              "hashFull": "583f3a3ced05979a3e66aac1c2f4b4ae90a7e112",
              "merge": false,
              "message": "chore: X"
            },
            {
              "authorEmailAddress": "tomas.bjerre85@gmail.com",
              "authorName": "Tomas Bjerre",
              "commitTime": "2024-03-27 16:30:36",
              "commitTimeLong": 1711557036000,
              "hash": "0c1cd1179ab9e0b",
              "hashFull": "0c1cd1179ab9e0b14ca2f49cb32c4b96567090eb",
              "merge": true,
              "message": "Merge branch \u0027issue-182-branch\u0027 into test/issue-182"
            },
            {
              "authorEmailAddress": "tomas.bjerre85@gmail.com",
              "authorName": "Tomas Bjerre",
              "commitTime": "2024-03-27 16:30:14",
              "commitTimeLong": 1711557014000,
              "hash": "d0555d2e1ee3b1c",
              "hashFull": "d0555d2e1ee3b1c433b016b67fd00799c0d6bd06",
              "merge": false,
              "message": "feat: Y"
            }
          ],
          "authorName": "Tomas Bjerre",
          "authorEmail": "tomas.bjerre85@gmail.com"
        }
      ],
      "commits": [
        {
          "authorEmailAddress": "tomas.bjerre85@gmail.com",
          "authorName": "Tomas Bjerre",
          "commitTime": "2024-03-27 16:31:06",
          "commitTimeLong": 1711557066000,
          "hash": "583f3a3ced05979",
          "hashFull": "583f3a3ced05979a3e66aac1c2f4b4ae90a7e112",
          "merge": false,
          "message": "chore: X"
        },
        {
          "authorEmailAddress": "tomas.bjerre85@gmail.com",
          "authorName": "Tomas Bjerre",
          "commitTime": "2024-03-27 16:30:36",
          "commitTimeLong": 1711557036000,
          "hash": "0c1cd1179ab9e0b",
          "hashFull": "0c1cd1179ab9e0b14ca2f49cb32c4b96567090eb",
          "merge": true,
          "message": "Merge branch \u0027issue-182-branch\u0027 into test/issue-182"
        },
        {
          "authorEmailAddress": "tomas.bjerre85@gmail.com",
          "authorName": "Tomas Bjerre",
          "commitTime": "2024-03-27 16:30:14",
          "commitTimeLong": 1711557014000,
          "hash": "d0555d2e1ee3b1c",
          "hashFull": "d0555d2e1ee3b1c433b016b67fd00799c0d6bd06",
          "merge": false,
          "message": "feat: Y"
        }
      ],
      "issues": [
        {
          "commits": [
            {
              "authorEmailAddress": "tomas.bjerre85@gmail.com",
              "authorName": "Tomas Bjerre",
              "commitTime": "2024-03-27 16:31:06",
              "commitTimeLong": 1711557066000,
              "hash": "583f3a3ced05979",
              "hashFull": "583f3a3ced05979a3e66aac1c2f4b4ae90a7e112",
              "merge": false,
              "message": "chore: X"
            },
            {
              "authorEmailAddress": "tomas.bjerre85@gmail.com",
              "authorName": "Tomas Bjerre",
              "commitTime": "2024-03-27 16:30:36",
              "commitTimeLong": 1711557036000,
              "hash": "0c1cd1179ab9e0b",
              "hashFull": "0c1cd1179ab9e0b14ca2f49cb32c4b96567090eb",
              "merge": true,
              "message": "Merge branch \u0027issue-182-branch\u0027 into test/issue-182"
            },
            {
              "authorEmailAddress": "tomas.bjerre85@gmail.com",
              "authorName": "Tomas Bjerre",
              "commitTime": "2024-03-27 16:30:14",
              "commitTimeLong": 1711557014000,
              "hash": "d0555d2e1ee3b1c",
              "hashFull": "d0555d2e1ee3b1c433b016b67fd00799c0d6bd06",
              "merge": false,
              "message": "feat: Y"
            }
          ],
          "authors": [
            {
              "commits": [
                {
                  "authorEmailAddress": "tomas.bjerre85@gmail.com",
                  "authorName": "Tomas Bjerre",
                  "commitTime": "2024-03-27 16:31:06",
                  "commitTimeLong": 1711557066000,
                  "hash": "583f3a3ced05979",
                  "hashFull": "583f3a3ced05979a3e66aac1c2f4b4ae90a7e112",
                  "merge": false,
                  "message": "chore: X"
                },
                {
                  "authorEmailAddress": "tomas.bjerre85@gmail.com",
                  "authorName": "Tomas Bjerre",
                  "commitTime": "2024-03-27 16:30:36",
                  "commitTimeLong": 1711557036000,
                  "hash": "0c1cd1179ab9e0b",
                  "hashFull": "0c1cd1179ab9e0b14ca2f49cb32c4b96567090eb",
                  "merge": true,
                  "message": "Merge branch \u0027issue-182-branch\u0027 into test/issue-182"
                },
                {
                  "authorEmailAddress": "tomas.bjerre85@gmail.com",
                  "authorName": "Tomas Bjerre",
                  "commitTime": "2024-03-27 16:30:14",
                  "commitTimeLong": 1711557014000,
                  "hash": "d0555d2e1ee3b1c",
                  "hashFull": "d0555d2e1ee3b1c433b016b67fd00799c0d6bd06",
                  "merge": false,
                  "message": "feat: Y"
                }
              ],
              "authorName": "Tomas Bjerre",
              "authorEmail": "tomas.bjerre85@gmail.com"
            }
          ],
          "name": "No issue",
          "title": "",
          "hasTitle": false,
          "issue": "",
          "hasIssue": false,
          "link": "",
          "hasLink": false,
          "type": "",
          "hasType": false,
          "hasDescription": false,
          "description": "",
          "hasLabels": false,
          "hasLinkedIssues": false,
          "issueType": "NOISSUE",
          "hasAdditionalFields": false,
          "additionalFields": {}
        }
      ],
      "issueTypes": [
        {
          "name": "No issue",
          "issues": [
            {
              "commits": [
                {
                  "authorEmailAddress": "tomas.bjerre85@gmail.com",
                  "authorName": "Tomas Bjerre",
                  "commitTime": "2024-03-27 16:31:06",
                  "commitTimeLong": 1711557066000,
                  "hash": "583f3a3ced05979",
                  "hashFull": "583f3a3ced05979a3e66aac1c2f4b4ae90a7e112",
                  "merge": false,
                  "message": "chore: X"
                },
                {
                  "authorEmailAddress": "tomas.bjerre85@gmail.com",
                  "authorName": "Tomas Bjerre",
                  "commitTime": "2024-03-27 16:30:36",
                  "commitTimeLong": 1711557036000,
                  "hash": "0c1cd1179ab9e0b",
                  "hashFull": "0c1cd1179ab9e0b14ca2f49cb32c4b96567090eb",
                  "merge": true,
                  "message": "Merge branch \u0027issue-182-branch\u0027 into test/issue-182"
                },
                {
                  "authorEmailAddress": "tomas.bjerre85@gmail.com",
                  "authorName": "Tomas Bjerre",
                  "commitTime": "2024-03-27 16:30:14",
                  "commitTimeLong": 1711557014000,
                  "hash": "d0555d2e1ee3b1c",
                  "hashFull": "d0555d2e1ee3b1c433b016b67fd00799c0d6bd06",
                  "merge": false,
                  "message": "feat: Y"
                }
              ],
              "authors": [
                {
                  "commits": [
                    {
                      "authorEmailAddress": "tomas.bjerre85@gmail.com",
                      "authorName": "Tomas Bjerre",
                      "commitTime": "2024-03-27 16:31:06",
                      "commitTimeLong": 1711557066000,
                      "hash": "583f3a3ced05979",
                      "hashFull": "583f3a3ced05979a3e66aac1c2f4b4ae90a7e112",
                      "merge": false,
                      "message": "chore: X"
                    },
                    {
                      "authorEmailAddress": "tomas.bjerre85@gmail.com",
                      "authorName": "Tomas Bjerre",
                      "commitTime": "2024-03-27 16:30:36",
                      "commitTimeLong": 1711557036000,
                      "hash": "0c1cd1179ab9e0b",
                      "hashFull": "0c1cd1179ab9e0b14ca2f49cb32c4b96567090eb",
                      "merge": true,
                      "message": "Merge branch \u0027issue-182-branch\u0027 into test/issue-182"
                    },
                    {
                      "authorEmailAddress": "tomas.bjerre85@gmail.com",
                      "authorName": "Tomas Bjerre",
                      "commitTime": "2024-03-27 16:30:14",
                      "commitTimeLong": 1711557014000,
                      "hash": "d0555d2e1ee3b1c",
                      "hashFull": "d0555d2e1ee3b1c433b016b67fd00799c0d6bd06",
                      "merge": false,
                      "message": "feat: Y"
                    }
                  ],
                  "authorName": "Tomas Bjerre",
                  "authorEmail": "tomas.bjerre85@gmail.com"
                }
              ],
              "name": "No issue",
              "title": "",
              "hasTitle": false,
              "issue": "",
              "hasIssue": false,
              "link": "",
              "hasLink": false,
              "type": "",
              "hasType": false,
              "hasDescription": false,
              "description": "",
              "hasLabels": false,
              "hasLinkedIssues": false,
              "issueType": "NOISSUE",
              "hasAdditionalFields": false,
              "additionalFields": {}
            }
          ],
          "type": "NOISSUE"
        }
      ],
      "name": "Unreleased",
      "tagTime": "",
      "tagTimeLong": -1,
      "hasTagTime": false
    },
    {
      "authors": [
        {
          "commits": [
            {
              "authorEmailAddress": "tomas.bjerre85@gmail.com",
              "authorName": "Tomas Bjerre",
              "commitTime": "2015-11-12 05:29:31",
              "commitTimeLong": 1447306171000,
              "hash": "a1aa5ff5b625e63",
              "hashFull": "a1aa5ff5b625e63aa5ad7b59367ec7f75658afb8",
              "merge": false,
              "message": "Initial commit"
            }
          ],
          "authorName": "Tomas Bjerre",
          "authorEmail": "tomas.bjerre85@gmail.com"
        }
      ],
      "commits": [
        {
          "authorEmailAddress": "tomas.bjerre85@gmail.com",
          "authorName": "Tomas Bjerre",
          "commitTime": "2015-11-12 05:29:31",
          "commitTimeLong": 1447306171000,
          "hash": "a1aa5ff5b625e63",
          "hashFull": "a1aa5ff5b625e63aa5ad7b59367ec7f75658afb8",
          "merge": false,
          "message": "Initial commit"
        }
      ],
      "issues": [
        {
          "commits": [
            {
              "authorEmailAddress": "tomas.bjerre85@gmail.com",
              "authorName": "Tomas Bjerre",
              "commitTime": "2015-11-12 05:29:31",
              "commitTimeLong": 1447306171000,
              "hash": "a1aa5ff5b625e63",
              "hashFull": "a1aa5ff5b625e63aa5ad7b59367ec7f75658afb8",
              "merge": false,
              "message": "Initial commit"
            }
          ],
          "authors": [
            {
              "commits": [
                {
                  "authorEmailAddress": "tomas.bjerre85@gmail.com",
                  "authorName": "Tomas Bjerre",
                  "commitTime": "2015-11-12 05:29:31",
                  "commitTimeLong": 1447306171000,
                  "hash": "a1aa5ff5b625e63",
                  "hashFull": "a1aa5ff5b625e63aa5ad7b59367ec7f75658afb8",
                  "merge": false,
                  "message": "Initial commit"
                }
              ],
              "authorName": "Tomas Bjerre",
              "authorEmail": "tomas.bjerre85@gmail.com"
            }
          ],
          "name": "No issue",
          "title": "",
          "hasTitle": false,
          "issue": "",
          "hasIssue": false,
          "link": "",
          "hasLink": false,
          "type": "",
          "hasType": false,
          "hasDescription": false,
          "description": "",
          "hasLabels": false,
          "hasLinkedIssues": false,
          "issueType": "NOISSUE",
          "hasAdditionalFields": false,
          "additionalFields": {}
        }
      ],
      "issueTypes": [
        {
          "name": "No issue",
          "issues": [
            {
              "commits": [
                {
                  "authorEmailAddress": "tomas.bjerre85@gmail.com",
                  "authorName": "Tomas Bjerre",
                  "commitTime": "2015-11-12 05:29:31",
                  "commitTimeLong": 1447306171000,
                  "hash": "a1aa5ff5b625e63",
                  "hashFull": "a1aa5ff5b625e63aa5ad7b59367ec7f75658afb8",
                  "merge": false,
                  "message": "Initial commit"
                }
              ],
              "authors": [
                {
                  "commits": [
                    {
                      "authorEmailAddress": "tomas.bjerre85@gmail.com",
                      "authorName": "Tomas Bjerre",
                      "commitTime": "2015-11-12 05:29:31",
                      "commitTimeLong": 1447306171000,
                      "hash": "a1aa5ff5b625e63",
                      "hashFull": "a1aa5ff5b625e63aa5ad7b59367ec7f75658afb8",
                      "merge": false,
                      "message": "Initial commit"
                    }
                  ],
                  "authorName": "Tomas Bjerre",
                  "authorEmail": "tomas.bjerre85@gmail.com"
                }
              ],
              "name": "No issue",
              "title": "",
              "hasTitle": false,
              "issue": "",
              "hasIssue": false,
              "link": "",
              "hasLink": false,
              "type": "",
              "hasType": false,
              "hasDescription": false,
              "description": "",
              "hasLabels": false,
              "hasLinkedIssues": false,
              "issueType": "NOISSUE",
              "hasAdditionalFields": false,
              "additionalFields": {}
            }
          ],
          "type": "NOISSUE"
        }
      ],
      "name": "0.0.1",
      "tagTime": "2015-11-12 05:29:31",
      "tagTimeLong": 1447306171000,
      "hasTagTime": true
    }
  ],
  "authors": [
    {
      "commits": [
        {
          "authorEmailAddress": "tomas.bjerre85@gmail.com",
          "authorName": "Tomas Bjerre",
          "commitTime": "2024-03-27 16:31:06",
          "commitTimeLong": 1711557066000,
          "hash": "583f3a3ced05979",
          "hashFull": "583f3a3ced05979a3e66aac1c2f4b4ae90a7e112",
          "merge": false,
          "message": "chore: X"
        },
        {
          "authorEmailAddress": "tomas.bjerre85@gmail.com",
          "authorName": "Tomas Bjerre",
          "commitTime": "2024-03-27 16:30:36",
          "commitTimeLong": 1711557036000,
          "hash": "0c1cd1179ab9e0b",
          "hashFull": "0c1cd1179ab9e0b14ca2f49cb32c4b96567090eb",
          "merge": true,
          "message": "Merge branch \u0027issue-182-branch\u0027 into test/issue-182"
        },
        {
          "authorEmailAddress": "tomas.bjerre85@gmail.com",
          "authorName": "Tomas Bjerre",
          "commitTime": "2024-03-27 16:30:14",
          "commitTimeLong": 1711557014000,
          "hash": "d0555d2e1ee3b1c",
          "hashFull": "d0555d2e1ee3b1c433b016b67fd00799c0d6bd06",
          "merge": false,
          "message": "feat: Y"
        },
        {
          "authorEmailAddress": "tomas.bjerre85@gmail.com",
          "authorName": "Tomas Bjerre",
          "commitTime": "2015-11-12 05:29:31",
          "commitTimeLong": 1447306171000,
          "hash": "a1aa5ff5b625e63",
          "hashFull": "a1aa5ff5b625e63aa5ad7b59367ec7f75658afb8",
          "merge": false,
          "message": "Initial commit"
        }
      ],
      "authorName": "Tomas Bjerre",
      "authorEmail": "tomas.bjerre85@gmail.com"
    }
  ],
  "issues": [
    {
      "commits": [
        {
          "authorEmailAddress": "tomas.bjerre85@gmail.com",
          "authorName": "Tomas Bjerre",
          "commitTime": "2024-03-27 16:31:06",
          "commitTimeLong": 1711557066000,
          "hash": "583f3a3ced05979",
          "hashFull": "583f3a3ced05979a3e66aac1c2f4b4ae90a7e112",
          "merge": false,
          "message": "chore: X"
        },
        {
          "authorEmailAddress": "tomas.bjerre85@gmail.com",
          "authorName": "Tomas Bjerre",
          "commitTime": "2024-03-27 16:30:36",
          "commitTimeLong": 1711557036000,
          "hash": "0c1cd1179ab9e0b",
          "hashFull": "0c1cd1179ab9e0b14ca2f49cb32c4b96567090eb",
          "merge": true,
          "message": "Merge branch \u0027issue-182-branch\u0027 into test/issue-182"
        },
        {
          "authorEmailAddress": "tomas.bjerre85@gmail.com",
          "authorName": "Tomas Bjerre",
          "commitTime": "2024-03-27 16:30:14",
          "commitTimeLong": 1711557014000,
          "hash": "d0555d2e1ee3b1c",
          "hashFull": "d0555d2e1ee3b1c433b016b67fd00799c0d6bd06",
          "merge": false,
          "message": "feat: Y"
        },
        {
          "authorEmailAddress": "tomas.bjerre85@gmail.com",
          "authorName": "Tomas Bjerre",
          "commitTime": "2015-11-12 05:29:31",
          "commitTimeLong": 1447306171000,
          "hash": "a1aa5ff5b625e63",
          "hashFull": "a1aa5ff5b625e63aa5ad7b59367ec7f75658afb8",
          "merge": false,
          "message": "Initial commit"
        }
      ],
      "authors": [
        {
          "commits": [
            {
              "authorEmailAddress": "tomas.bjerre85@gmail.com",
              "authorName": "Tomas Bjerre",
              "commitTime": "2024-03-27 16:31:06",
              "commitTimeLong": 1711557066000,
              "hash": "583f3a3ced05979",
              "hashFull": "583f3a3ced05979a3e66aac1c2f4b4ae90a7e112",
              "merge": false,
              "message": "chore: X"
            },
            {
              "authorEmailAddress": "tomas.bjerre85@gmail.com",
              "authorName": "Tomas Bjerre",
              "commitTime": "2024-03-27 16:30:36",
              "commitTimeLong": 1711557036000,
              "hash": "0c1cd1179ab9e0b",
              "hashFull": "0c1cd1179ab9e0b14ca2f49cb32c4b96567090eb",
              "merge": true,
              "message": "Merge branch \u0027issue-182-branch\u0027 into test/issue-182"
            },
            {
              "authorEmailAddress": "tomas.bjerre85@gmail.com",
              "authorName": "Tomas Bjerre",
              "commitTime": "2024-03-27 16:30:14",
              "commitTimeLong": 1711557014000,
              "hash": "d0555d2e1ee3b1c",
              "hashFull": "d0555d2e1ee3b1c433b016b67fd00799c0d6bd06",
              "merge": false,
              "message": "feat: Y"
            },
            {
              "authorEmailAddress": "tomas.bjerre85@gmail.com",
              "authorName": "Tomas Bjerre",
              "commitTime": "2015-11-12 05:29:31",
              "commitTimeLong": 1447306171000,
              "hash": "a1aa5ff5b625e63",
              "hashFull": "a1aa5ff5b625e63aa5ad7b59367ec7f75658afb8",
              "merge": false,
              "message": "Initial commit"
            }
          ],
          "authorName": "Tomas Bjerre",
          "authorEmail": "tomas.bjerre85@gmail.com"
        }
      ],
      "name": "No issue",
      "title": "",
      "hasTitle": false,
      "issue": "",
      "hasIssue": false,
      "link": "",
      "hasLink": false,
      "type": "",
      "hasType": false,
      "hasDescription": false,
      "description": "",
      "hasLabels": false,
      "hasLinkedIssues": false,
      "issueType": "NOISSUE",
      "hasAdditionalFields": false,
      "additionalFields": {}
    }
  ],
  "issueTypes": [
    {
      "name": "No issue",
      "issues": [
        {
          "commits": [
            {
              "authorEmailAddress": "tomas.bjerre85@gmail.com",
              "authorName": "Tomas Bjerre",
              "commitTime": "2024-03-27 16:31:06",
              "commitTimeLong": 1711557066000,
              "hash": "583f3a3ced05979",
              "hashFull": "583f3a3ced05979a3e66aac1c2f4b4ae90a7e112",
              "merge": false,
              "message": "chore: X"
            },
            {
              "authorEmailAddress": "tomas.bjerre85@gmail.com",
              "authorName": "Tomas Bjerre",
              "commitTime": "2024-03-27 16:30:36",
              "commitTimeLong": 1711557036000,
              "hash": "0c1cd1179ab9e0b",
              "hashFull": "0c1cd1179ab9e0b14ca2f49cb32c4b96567090eb",
              "merge": true,
              "message": "Merge branch \u0027issue-182-branch\u0027 into test/issue-182"
            },
            {
              "authorEmailAddress": "tomas.bjerre85@gmail.com",
              "authorName": "Tomas Bjerre",
              "commitTime": "2024-03-27 16:30:14",
              "commitTimeLong": 1711557014000,
              "hash": "d0555d2e1ee3b1c",
              "hashFull": "d0555d2e1ee3b1c433b016b67fd00799c0d6bd06",
              "merge": false,
              "message": "feat: Y"
            },
            {
              "authorEmailAddress": "tomas.bjerre85@gmail.com",
              "authorName": "Tomas Bjerre",
              "commitTime": "2015-11-12 05:29:31",
              "commitTimeLong": 1447306171000,
              "hash": "a1aa5ff5b625e63",
              "hashFull": "a1aa5ff5b625e63aa5ad7b59367ec7f75658afb8",
              "merge": false,
              "message": "Initial commit"
            }
          ],
          "authors": [
            {
              "commits": [
                {
                  "authorEmailAddress": "tomas.bjerre85@gmail.com",
                  "authorName": "Tomas Bjerre",
                  "commitTime": "2024-03-27 16:31:06",
                  "commitTimeLong": 1711557066000,
                  "hash": "583f3a3ced05979",
                  "hashFull": "583f3a3ced05979a3e66aac1c2f4b4ae90a7e112",
                  "merge": false,
                  "message": "chore: X"
                },
                {
                  "authorEmailAddress": "tomas.bjerre85@gmail.com",
                  "authorName": "Tomas Bjerre",
                  "commitTime": "2024-03-27 16:30:36",
                  "commitTimeLong": 1711557036000,
                  "hash": "0c1cd1179ab9e0b",
                  "hashFull": "0c1cd1179ab9e0b14ca2f49cb32c4b96567090eb",
                  "merge": true,
                  "message": "Merge branch \u0027issue-182-branch\u0027 into test/issue-182"
                },
                {
                  "authorEmailAddress": "tomas.bjerre85@gmail.com",
                  "authorName": "Tomas Bjerre",
                  "commitTime": "2024-03-27 16:30:14",
                  "commitTimeLong": 1711557014000,
                  "hash": "d0555d2e1ee3b1c",
                  "hashFull": "d0555d2e1ee3b1c433b016b67fd00799c0d6bd06",
                  "merge": false,
                  "message": "feat: Y"
                },
                {
                  "authorEmailAddress": "tomas.bjerre85@gmail.com",
                  "authorName": "Tomas Bjerre",
                  "commitTime": "2015-11-12 05:29:31",
                  "commitTimeLong": 1447306171000,
                  "hash": "a1aa5ff5b625e63",
                  "hashFull": "a1aa5ff5b625e63aa5ad7b59367ec7f75658afb8",
                  "merge": false,
                  "message": "Initial commit"
                }
              ],
              "authorName": "Tomas Bjerre",
              "authorEmail": "tomas.bjerre85@gmail.com"
            }
          ],
          "name": "No issue",
          "title": "",
          "hasTitle": false,
          "issue": "",
          "hasIssue": false,
          "link": "",
          "hasLink": false,
          "type": "",
          "hasType": false,
          "hasDescription": false,
          "description": "",
          "hasLabels": false,
          "hasLinkedIssues": false,
          "issueType": "NOISSUE",
          "hasAdditionalFields": false,
          "additionalFields": {}
        }
      ],
      "type": "NOISSUE"
    }
  ],
  "ownerName": "tomasbjerre",
  "repoName": "git-changelog-lib",
  "urlParts": [
    "git-changelog-lib",
    "tomasbjerre",
    "git@github.com"
  ]
}